// Jest Snapshot v1, https://goo.gl/fbAQLP

exports[`TwainService should getQuote 1`] = `
{
  "id": 1,
  "quote": "abc",
}
`;
